../Core/Src/main.c:48:5:main	24	static
../Core/Src/main.c:190:6:LEDs_init	4	static
../Core/Src/main.c:206:6:TIM2_init	4	static
../Core/Src/main.c:224:6:DAC_init	4	static
../Core/Src/main.c:276:6:TIM2_IRQHandler	8	static
../Core/Src/main.c:300:6:DAC_write	16	static
../Core/Src/main.c:312:10:DAC_volt_conv	24	static
../Core/Src/main.c:326:9:keypad_read	24	static
../Core/Src/main.c:349:9:read_rows	4	static
../Core/Src/main.c:368:9:find_key	96	static
../Core/Src/main.c:382:6:SystemClock_Config	96	static
../Core/Src/main.c:435:6:Error_Handler	4	static,ignoring_inline_asm
